[2026-03-12] #0001  Removed dead code  // refactor: rename desafio.py to sistema-POO.py
[2026-03-12] #0002  Improved variable naming  // docs: add bilingual README (PT/EN)
[2026-03-12] #0003  Added input validation  // Sistema Bancario POO -  DIO
[2026-03-12] #0004  Removed dead code  // refactor: rename desafio.py to sistema-POO.py
[2026-03-12] #0005  Simplified conditional branches  // docs: add bilingual README (PT/EN)
[2026-03-12] #0006  Fixed off-by-one error  // feat: implement banking system with OOP and design patt
[2026-03-12] #0007  Improved error messages  // chore: initialize banking system OOP project
[2026-03-12] #0008  Added guard clause  // feat: define base Account class with balance and owner
[2026-03-12] #0009  Simplified conditional branches  // feat: add SavingsAccount subclass with interest rate
[2026-03-12] #0010  Reviewed setup instructions  // feat: add CheckingAccount with overdraft limit
[2026-03-12] #0011  Reorganised folder structure  // feat: implement deposit and withdraw methods
[2026-03-12] #0012  Refactored module structure  // feat: add transaction history with timestamps
[2026-03-12] #0013  Added guard clause  // refactor: extract validation logic to base class
[2026-03-12] #0014  Simplified conditional branches  // fix: prevent negative balance without overdraft
[2026-03-12] #0015  Cleaned up unused imports  // feat: add transfer between accounts
[2026-03-12] #0016  Updated inline documentation  // docs: add docstrings to all public methods
[2026-03-12] #0017  Optimised query performance  // test: add unit tests for deposit and withdraw
[2026-03-12] #0018  Cleaned up unused imports  // test: add test for overdraft limit enforcement
[2026-03-12] #0019  Cleaned up unused imports  // security: validate all monetary inputs are positive
[2026-03-12] #0020  Added guard clause  // refactor: use dataclass for transaction record
[2026-03-12] #0021  Updated inline documentation  // feat: add account statement generator
[2026-03-12] #0022  Optimised query performance  // docs: add bilingual README PT/EN
[2026-03-12] #0023  Simplified conditional branches  // feat: implement banking system with OOP and design patt
[2026-03-12] #0024  Reviewed setup instructions  // fix: correct interest calculation rounding
[2026-03-12] #0025  Extracted helper function  // style: enforce PEP8 formatting across all files
[2026-03-12] #0026  Added early-return pattern  // chore: add .gitignore for Python artifacts
[2026-03-12] #0027  Extracted helper function  // security: add input sanitization for account owner name
[2026-03-12] #0028  Optimised query performance  // docs: add UML class diagram description
[2026-03-12] #0029  Reorganised folder structure  // feat: add CLI interface for demo
[2026-03-12] #0030  Patched edge case in parser  // test: add integration test for transfer flow
[2026-03-12] #0031  Optimised query performance  // refactor: rename desafio.py to sistema-POO.py
[2026-03-12] #0032  Added edge-case handling  // docs: add SECURITY_REPORT.md with Bandit output
[2026-03-12] #0033  Improved variable naming  // fix: handle edge case of zero-amount transfer
[2026-03-12] #0034  Centralised constants  // style: add type hints to all method signatures
